[06/Aug/2026 18:42:10] "GET / HTTP/1.1" 200 -
[06/Aug/2026 18:42:14] "GET / HTTP/1.1" 200 -
[06/Aug/2026 18:42:15] "GET / HTTP/1.1" 200 -
[06/Aug/2026 18:42:15] "GET /js/script.js?v=28.0 HTTP/1.1" 200 -
[06/Aug/2026 18:42:15] "GET /css/style.css?v=20.0 HTTP/1.1" 200 -
[06/Aug/2026 18:42:15] "GET /js/modules/state.js HTTP/1.1" 200 -
[06/Aug/2026 18:42:15] "GET /js/modules/db.js HTTP/1.1" 200 -
[06/Aug/2026 18:42:15] "GET /js/modules/utils.js HTTP/1.1" 200 -
[06/Aug/2026 18:42:15] "GET /js/modules/ui.js HTTP/1.1" 200 -
[06/Aug/2026 18:42:15] "GET /js/modules/api.js HTTP/1.1" 200 -
[06/Aug/2026 18:42:18] "GET /sw.js HTTP/1.1" 200 -
[06/Aug/2026 18:42:20] "GET / HTTP/1.1" 200 -
[06/Aug/2026 18:42:20] "GET /css/style.css?v=20.0 HTTP/1.1" 200 -
[06/Aug/2026 18:42:20] "GET /js/script.js?v=28.0 HTTP/1.1" 200 -
[06/Aug/2026 18:42:20] "GET /js/modules/state.js HTTP/1.1" 200 -
[06/Aug/2026 18:42:20] "GET /js/modules/db.js HTTP/1.1" 200 -
[06/Aug/2026 18:42:20] "GET /js/modules/utils.js HTTP/1.1" 200 -
[06/Aug/2026 18:42:20] "GET /js/modules/api.js HTTP/1.1" 200 -
[06/Aug/2026 18:42:20] "GET /js/modules/ui.js HTTP/1.1" 200 -
[06/Aug/2026 18:42:23] "GET /sw.js HTTP/1.1" 200 -
[06/Aug/2026 18:44:35] "GET / HTTP/1.1" 200 -
[06/Aug/2026 18:44:35] "GET /css/style.css?v=20.0 HTTP/1.1" 200 -
[06/Aug/2026 18:44:35] "GET /js/script.js?v=28.0 HTTP/1.1" 200 -
[06/Aug/2026 18:44:35] "GET /js/modules/db.js HTTP/1.1" 200 -
[06/Aug/2026 18:44:35] "GET /js/modules/state.js HTTP/1.1" 200 -
[06/Aug/2026 18:44:35] "GET /js/modules/utils.js HTTP/1.1" 200 -
[06/Aug/2026 18:44:35] "GET /js/modules/ui.js HTTP/1.1" 200 -
[06/Aug/2026 18:44:35] "GET /js/modules/api.js HTTP/1.1" 200 -
[06/Aug/2026 18:44:37] "GET /sw.js HTTP/1.1" 200 -
[06/Aug/2026 18:47:29] "GET / HTTP/1.1" 200 -
[06/Aug/2026 18:47:29] "GET /css/style.css?v=20.0 HTTP/1.1" 200 -
[06/Aug/2026 18:47:29] "GET /js/script.js?v=28.0 HTTP/1.1" 200 -
[06/Aug/2026 18:47:30] "GET /js/modules/state.js HTTP/1.1" 200 -
[06/Aug/2026 18:47:30] "GET /js/modules/db.js HTTP/1.1" 200 -
[06/Aug/2026 18:47:30] "GET /js/modules/utils.js HTTP/1.1" 200 -
[06/Aug/2026 18:47:30] "GET /js/modules/ui.js HTTP/1.1" 200 -
[06/Aug/2026 18:47:30] "GET /js/modules/api.js HTTP/1.1" 200 -
[06/Aug/2026 18:47:32] "GET /sw.js HTTP/1.1" 200 -
[06/Aug/2026 19:00:21] "GET / HTTP/1.1" 200 -
[06/Aug/2026 19:00:21] "GET /css/style.css?v=20.0 HTTP/1.1" 200 -
[06/Aug/2026 19:00:21] "GET /js/script.js?v=28.0 HTTP/1.1" 200 -
[06/Aug/2026 19:00:21] "GET /js/modules/state.js HTTP/1.1" 200 -
[06/Aug/2026 19:00:21] "GET /js/modules/utils.js HTTP/1.1" 200 -
[06/Aug/2026 19:00:21] "GET /js/modules/db.js HTTP/1.1" 200 -
[06/Aug/2026 19:00:21] "GET /js/modules/ui.js HTTP/1.1" 200 -
[06/Aug/2026 19:00:21] "GET /js/modules/api.js HTTP/1.1" 200 -
[06/Aug/2026 19:00:24] "GET /sw.js HTTP/1.1" 200 -
[06/Aug/2026 19:02:45] "GET / HTTP/1.1" 200 -
[06/Aug/2026 19:02:45] "GET /css/style.css?v=20.0 HTTP/1.1" 200 -
[06/Aug/2026 19:02:45] "GET /js/script.js?v=28.0 HTTP/1.1" 200 -
[06/Aug/2026 19:02:46] "GET /js/modules/state.js HTTP/1.1" 200 -
[06/Aug/2026 19:02:46] "GET /js/modules/db.js HTTP/1.1" 200 -
[06/Aug/2026 19:02:46] "GET /js/modules/utils.js HTTP/1.1" 200 -
[06/Aug/2026 19:02:46] "GET /js/modules/api.js HTTP/1.1" 200 -
[06/Aug/2026 19:02:46] "GET /js/modules/ui.js HTTP/1.1" 200 -
[06/Aug/2026 19:02:48] "GET /sw.js HTTP/1.1" 200 -
[06/Aug/2026 19:05:34] "GET / HTTP/1.1" 200 -
[06/Aug/2026 19:05:34] "GET /js/script.js?v=28.0 HTTP/1.1" 200 -
[06/Aug/2026 19:05:34] "GET /css/style.css?v=20.0 HTTP/1.1" 200 -
[06/Aug/2026 19:05:34] "GET /js/modules/utils.js HTTP/1.1" 200 -
[06/Aug/2026 19:05:34] "GET /js/modules/state.js HTTP/1.1" 200 -
[06/Aug/2026 19:05:34] "GET /js/modules/api.js HTTP/1.1" 200 -
[06/Aug/2026 19:05:34] "GET /js/modules/ui.js HTTP/1.1" 200 -
[06/Aug/2026 19:05:34] "GET /js/modules/db.js HTTP/1.1" 200 -
[06/Aug/2026 19:05:37] "GET /sw.js HTTP/1.1" 200 -
[06/Aug/2026 20:05:59] "GET / HTTP/1.1" 200 -
[06/Aug/2026 20:05:59] "GET /css/style.css?v=20.0 HTTP/1.1" 200 -
[06/Aug/2026 20:05:59] "GET /js/script.js?v=29.0 HTTP/1.1" 200 -
[06/Aug/2026 20:06:00] "GET /js/modules/db.js HTTP/1.1" 200 -
[06/Aug/2026 20:06:00] "GET /js/modules/state.js HTTP/1.1" 200 -
[06/Aug/2026 20:06:00] "GET /js/modules/utils.js HTTP/1.1" 200 -
[06/Aug/2026 20:06:00] "GET /js/modules/api.js HTTP/1.1" 200 -
[06/Aug/2026 20:06:00] "GET /js/modules/ui.js HTTP/1.1" 200 -
[06/Aug/2026 20:06:03] "GET /sw.js HTTP/1.1" 200 -
[06/Aug/2026 20:06:03] "GET / HTTP/1.1" 200 -
[06/Aug/2026 20:06:03] "GET /index.html HTTP/1.1" 200 -
[06/Aug/2026 20:06:03] "GET /css/style.css?v=20.0 HTTP/1.1" 200 -
[06/Aug/2026 20:06:03] "GET /js/script.js?v=29.0 HTTP/1.1" 200 -
[06/Aug/2026 20:06:03] "GET /manifest.json HTTP/1.1" 304 -
[06/Aug/2026 20:06:03] "GET /icons/icon-512.png HTTP/1.1" 304 -
[06/Aug/2026 20:06:03] "GET /icons/icon-192.png HTTP/1.1" 304 -
[06/Aug/2026 20:08:37] "GET / HTTP/1.1" 200 -
[06/Aug/2026 20:08:37] "GET /css/style.css?v=20.0 HTTP/1.1" 200 -
[06/Aug/2026 20:08:37] "GET /js/script.js?v=29.0 HTTP/1.1" 200 -
[06/Aug/2026 20:08:37] "GET /js/modules/state.js HTTP/1.1" 200 -
[06/Aug/2026 20:08:37] "GET /js/modules/db.js HTTP/1.1" 200 -
[06/Aug/2026 20:08:37] "GET /js/modules/ui.js HTTP/1.1" 200 -
[06/Aug/2026 20:08:37] "GET /js/modules/utils.js HTTP/1.1" 200 -
[06/Aug/2026 20:08:37] "GET /js/modules/api.js HTTP/1.1" 200 -
[06/Aug/2026 20:08:40] "GET /sw.js HTTP/1.1" 200 -
[06/Aug/2026 20:21:47] "GET / HTTP/1.1" 200 -
[06/Aug/2026 20:21:47] "GET /js/script.js?v=29.0 HTTP/1.1" 200 -
[06/Aug/2026 20:21:47] "GET /css/style.css?v=20.0 HTTP/1.1" 200 -
[06/Aug/2026 20:21:47] "GET /js/modules/state.js HTTP/1.1" 200 -
[06/Aug/2026 20:21:47] "GET /js/modules/db.js HTTP/1.1" 200 -
[06/Aug/2026 20:21:47] "GET /js/modules/utils.js HTTP/1.1" 200 -
[06/Aug/2026 20:21:47] "GET /js/modules/api.js HTTP/1.1" 200 -
[06/Aug/2026 20:21:47] "GET /js/modules/ui.js HTTP/1.1" 200 -
[06/Aug/2026 20:21:50] "GET /sw.js HTTP/1.1" 200 -
[06/Aug/2026 20:23:27] "GET / HTTP/1.1" 200 -
[06/Aug/2026 20:23:27] "GET /css/style.css?v=20.0 HTTP/1.1" 200 -
[06/Aug/2026 20:23:27] "GET /js/script.js?v=29.0 HTTP/1.1" 200 -
[06/Aug/2026 20:23:27] "GET /js/modules/state.js HTTP/1.1" 200 -
[06/Aug/2026 20:23:27] "GET /js/modules/utils.js HTTP/1.1" 200 -
[06/Aug/2026 20:23:27] "GET /js/modules/ui.js HTTP/1.1" 200 -
[06/Aug/2026 20:23:27] "GET /js/modules/api.js HTTP/1.1" 200 -
[06/Aug/2026 20:23:27] "GET /js/modules/db.js HTTP/1.1" 200 -
[06/Aug/2026 20:23:30] "GET /sw.js HTTP/1.1" 200 -
[06/Aug/2026 20:24:21] "GET / HTTP/1.1" 200 -
[06/Aug/2026 20:24:21] "GET /js/script.js?v=29.0 HTTP/1.1" 200 -
[06/Aug/2026 20:24:21] "GET /css/style.css?v=20.0 HTTP/1.1" 200 -
[06/Aug/2026 20:24:21] "GET /js/modules/state.js HTTP/1.1" 200 -
[06/Aug/2026 20:24:21] "GET /js/modules/db.js HTTP/1.1" 200 -
[06/Aug/2026 20:24:21] "GET /js/modules/utils.js HTTP/1.1" 200 -
[06/Aug/2026 20:24:21] "GET /js/modules/api.js HTTP/1.1" 200 -
[06/Aug/2026 20:24:21] "GET /js/modules/ui.js HTTP/1.1" 200 -
[06/Aug/2026 20:24:23] "GET /sw.js HTTP/1.1" 200 -
[06/Aug/2026 22:08:04] "GET / HTTP/1.1" 200 -
[06/Aug/2026 22:08:04] "GET /css/style.css?v=20.0 HTTP/1.1" 200 -
[06/Aug/2026 22:08:04] "GET /js/script.js?v=29.0 HTTP/1.1" 200 -
[06/Aug/2026 22:08:05] "GET /js/modules/db.js HTTP/1.1" 200 -
[06/Aug/2026 22:08:05] "GET /js/modules/state.js HTTP/1.1" 200 -
[06/Aug/2026 22:08:05] "GET /js/modules/utils.js HTTP/1.1" 200 -
[06/Aug/2026 22:08:05] "GET /js/modules/api.js HTTP/1.1" 200 -
[06/Aug/2026 22:08:05] "GET /js/modules/ui.js HTTP/1.1" 200 -
[06/Aug/2026 22:08:08] "GET /sw.js HTTP/1.1" 200 -
[06/Aug/2026 22:10:58] "GET / HTTP/1.1" 200 -
[06/Aug/2026 22:10:58] "GET /css/style.css?v=20.0 HTTP/1.1" 200 -
[06/Aug/2026 22:10:58] "GET /js/script.js?v=29.0 HTTP/1.1" 200 -
[06/Aug/2026 22:10:58] "GET /js/modules/state.js HTTP/1.1" 200 -
[06/Aug/2026 22:10:58] "GET /js/modules/db.js HTTP/1.1" 200 -
[06/Aug/2026 22:10:58] "GET /js/modules/utils.js HTTP/1.1" 200 -
[06/Aug/2026 22:10:58] "GET /js/modules/ui.js HTTP/1.1" 200 -
[06/Aug/2026 22:10:58] "GET /js/modules/api.js HTTP/1.1" 200 -
[06/Aug/2026 22:11:01] "GET /sw.js HTTP/1.1" 200 -
