[04/Aug/2026 22:25:31] "GET / HTTP/1.1" 200 -
[04/Aug/2026 22:25:36] "GET / HTTP/1.1" 200 -
[04/Aug/2026 22:25:36] "GET / HTTP/1.1" 200 -
[04/Aug/2026 22:25:36] "GET /js/modules/ui.js HTTP/1.1" 200 -
[04/Aug/2026 22:25:39] "GET /sw.js HTTP/1.1" 200 -
[04/Aug/2026 22:25:43] "GET /js/modules/ui.js HTTP/1.1" 200 -
[04/Aug/2026 22:25:45] "GET /sw.js HTTP/1.1" 200 -
[04/Aug/2026 22:29:56] "GET /js/modules/ui.js HTTP/1.1" 200 -
[04/Aug/2026 22:29:58] "GET /sw.js HTTP/1.1" 200 -
[04/Aug/2026 23:40:40] "GET / HTTP/1.1" 200 -
[04/Aug/2026 23:40:41] "GET /css/style.css?v=20.0 HTTP/1.1" 200 -
[04/Aug/2026 23:40:41] "GET /js/script.js?v=28.0 HTTP/1.1" 200 -
[04/Aug/2026 23:40:41] "GET /js/modules/ui.js HTTP/1.1" 200 -
[04/Aug/2026 23:40:43] "GET /sw.js HTTP/1.1" 200 -
[04/Aug/2026 23:40:43] "GET / HTTP/1.1" 200 -
[04/Aug/2026 23:40:43] "GET /css/style.css?v=20.0 HTTP/1.1" 200 -
[04/Aug/2026 23:40:43] "GET /index.html HTTP/1.1" 200 -
[04/Aug/2026 23:40:43] "GET /js/script.js?v=28.0 HTTP/1.1" 200 -
[04/Aug/2026 23:52:48] "GET / HTTP/1.1" 200 -
[04/Aug/2026 23:52:48] "GET /js/script.js?v=28.0 HTTP/1.1" 200 -
[04/Aug/2026 23:52:48] "GET /css/style.css?v=20.0 HTTP/1.1" 200 -
[04/Aug/2026 23:52:49] "GET /js/modules/ui.js HTTP/1.1" 200 -
[04/Aug/2026 23:52:52] "GET /sw.js HTTP/1.1" 200 -
[04/Aug/2026 23:56:56] "GET / HTTP/1.1" 200 -
[04/Aug/2026 23:56:56] "GET /css/style.css?v=20.0 HTTP/1.1" 200 -
[04/Aug/2026 23:56:56] "GET /js/script.js?v=28.0 HTTP/1.1" 200 -
[04/Aug/2026 23:56:57] "GET /js/modules/ui.js HTTP/1.1" 200 -
[04/Aug/2026 23:57:01] "GET /sw.js HTTP/1.1" 200 -
[04/Aug/2026 23:58:16] "GET / HTTP/1.1" 200 -
[04/Aug/2026 23:58:16] "GET /css/style.css?v=20.0 HTTP/1.1" 200 -
[04/Aug/2026 23:58:16] "GET /js/script.js?v=28.0 HTTP/1.1" 200 -
[04/Aug/2026 23:58:16] "GET /js/modules/ui.js HTTP/1.1" 200 -
[04/Aug/2026 23:58:20] "GET /sw.js HTTP/1.1" 200 -
[05/Aug/2026 00:01:31] "GET / HTTP/1.1" 200 -
[05/Aug/2026 00:01:31] "GET /css/style.css?v=20.0 HTTP/1.1" 200 -
[05/Aug/2026 00:01:32] "GET /js/script.js?v=28.0 HTTP/1.1" 200 -
[05/Aug/2026 00:01:32] "GET /js/modules/ui.js HTTP/1.1" 200 -
[05/Aug/2026 00:01:35] "GET /sw.js HTTP/1.1" 200 -
[05/Aug/2026 00:02:45] "GET / HTTP/1.1" 200 -
[05/Aug/2026 00:02:45] "GET /js/script.js?v=28.0 HTTP/1.1" 200 -
[05/Aug/2026 00:02:45] "GET /css/style.css?v=20.0 HTTP/1.1" 200 -
[05/Aug/2026 00:02:45] "GET /js/modules/ui.js HTTP/1.1" 200 -
[05/Aug/2026 00:02:49] "GET /sw.js HTTP/1.1" 200 -
